Csky GNU Linker

======================================================================

Section Cross References

	wm_system.c.obj(.text.wm_start_task) refers to main.c.obj(.text.startup.main) for main
	startup.S.obj(.text) refers to cpu_init.c.obj(.text.cpu_init) for cpu_init
	puts.o(.text) refers to libc_port.c.obj(.text.fputc) for fputc
	vprintf_required.o(.text) refers to libc_port.c.obj(.text.fputc) for fputc
	fputs.o(.text) refers to libc_port.c.obj(.text.fputc) for fputc
	putc.o(.text) refers to libc_port.c.obj(.text.fputc) for fputc
	cpu_init.c.obj(.text.cpu_init) refers to libc_port.c.obj(.text.cxx_system_init) for cxx_system_init
	wm_drv_fls.c.obj(.text.wm_drv_fls_init) refers to wm_osal.c.obj(.text.wm_os_mutex_create) for wm_os_mutex_create
	wm_drv_fls.c.obj(.text.wm_drv_fls_init) refers to wm_osal.c.obj(.text.wm_os_mutex_delete) for wm_os_mutex_delete
	wm_drv_fls.c.obj(.text.wm_drv_fls_read) refers to wm_osal.c.obj(.text.wm_os_mutex_acquire) for wm_os_mutex_acquire
	wm_stub_drv.c.obj(.text.tls_crypto_md5_init) refers to wm_osal.c.obj(.text.wm_os_sem_create) for wm_os_sem_create
	elog_port.c.obj(.text.elog_port_init) refers to wm_osal.c.obj(.text.wm_os_sem_create) for wm_os_sem_create
	wm_stub_drv.c.obj(.text.tls_crypto_sem_lock) refers to wm_osal.c.obj(.text.wm_os_sem_acquire) for wm_os_sem_acquire
	elog_port.c.obj(.text.elog_port_output_lock) refers to wm_osal.c.obj(.text.wm_os_sem_acquire) for wm_os_sem_acquire
	wm_osal.c.obj(.text.wm_os_mutex_release) refers to wm_osal.c.obj(.text.wm_os_sem_release) for wm_os_sem_release
	wm_stub_drv.c.obj(.text.tls_crypto_sem_unlock) refers to wm_osal.c.obj(.text.wm_os_sem_release) for wm_os_sem_release
	elog_port.c.obj(.text.elog_port_output_unlock) refers to wm_osal.c.obj(.text.wm_os_sem_release) for wm_os_sem_release
	wm_drv_fls.c.obj(.text.wm_drv_fls_read) refers to wm_osal.c.obj(.text.wm_os_mutex_release) for wm_os_mutex_release
	wm_system.c.obj(.text.wm_start) refers to wm_osal.c.obj(.text.wm_os_task_create) for wm_os_task_create
	wm_system.c.obj(.text.wm_start_task) refers to wm_osal.c.obj(.text.wm_os_task_del) for wm_os_task_del
	elog_port.c.obj(.text.elog_port_get_t_info) refers to wm_osal.c.obj(.text.wm_os_get_task_name) for wm_os_get_task_name
	elog_port.c.obj(.text.elog_port_get_time) refers to wm_osal.c.obj(.text.wm_os_get_time_ms) for wm_os_get_time_ms
	wm_system.c.obj(.text.tls_sys_reset) refers to wm_osal.c.obj(.text.wm_os_set_critical) for wm_os_set_critical
	wm_heap.c.obj(.text.wm_heap_caps_alloc_tracing) refers to wm_osal.c.obj(.text.wm_os_set_critical) for wm_os_set_critical
	wm_heap.c.obj(.text.wm_heap_caps_free) refers to wm_osal.c.obj(.text.wm_os_set_critical) for wm_os_set_critical
	wm_heap.c.obj(.text.wm_heap_caps_alloc_tracing) refers to wm_osal.c.obj(.text.wm_os_release_critical) for wm_os_release_critical
	wm_heap.c.obj(.text.wm_heap_caps_free) refers to wm_osal.c.obj(.text.wm_os_release_critical) for wm_os_release_critical
	wm_system.c.obj(.text.wm_start) refers to wm_osal.c.obj(.text.wm_os_init) for wm_os_init
	wm_system.c.obj(.text.wm_start) refers to wm_osal.c.obj(.text.wm_os_start_scheduler) for wm_os_start_scheduler
	isr.c.obj(.text.irq_interrupt_entry) refers to wm_osal.c.obj(.text.csi_kernel_intrpt_enter) for csi_kernel_intrpt_enter
	isr.c.obj(.text.gpsec_irq_handler) refers to wm_osal.c.obj(.text.csi_kernel_intrpt_enter) for csi_kernel_intrpt_enter
	isr.c.obj(.text.mac_irq_handler) refers to wm_osal.c.obj(.text.csi_kernel_intrpt_enter) for csi_kernel_intrpt_enter
	isr.c.obj(.text.sec_irq_handler) refers to wm_osal.c.obj(.text.csi_kernel_intrpt_enter) for csi_kernel_intrpt_enter
	isr.c.obj(.text.irq_interrupt_entry) refers to wm_osal.c.obj(.text.csi_kernel_intrpt_exit) for csi_kernel_intrpt_exit
	isr.c.obj(.text.gpsec_irq_handler) refers to wm_osal.c.obj(.text.csi_kernel_intrpt_exit) for csi_kernel_intrpt_exit
	isr.c.obj(.text.mac_irq_handler) refers to wm_osal.c.obj(.text.csi_kernel_intrpt_exit) for csi_kernel_intrpt_exit
	isr.c.obj(.text.sec_irq_handler) refers to wm_osal.c.obj(.text.csi_kernel_intrpt_exit) for csi_kernel_intrpt_exit
	elog.c.obj(.text.elog_output) refers to wm_printf.c.obj(.text.wm_vsnprintf) for wm_vsnprintf
	elog_port.c.obj(.text.elog_port_init) refers to wm_printf.c.obj(.text.wm_printf) for wm_printf
	elog_port.c.obj(.text.elog_port_output) refers to wm_printf.c.obj(.text.wm_printf) for wm_printf
	wm_debug.c.obj(.text.wm_output_ramdump) refers to wm_system.c.obj(.text.tls_sys_reset) for tls_sys_reset
	wm_system.c.obj(.text.wm_start) refers to wm_system.c.obj(.text.tls_pmu_clk_select) for tls_pmu_clk_select
	wm_system.c.obj(.text.wm_start) refers to wm_system.c.obj(.text.tls_sys_clk_set) for tls_sys_clk_set
	startup.S.obj(.text) refers to wm_system.c.obj(.text.wm_start) for wm_start
	wm_stub_drv.c.obj(.text.wm_stub_drv_md5) refers to wm_stub_drv.c.obj(.text.tls_crypto_md5_init) for tls_crypto_md5_init
[...]
	wm_hal_fls.c.obj                   0x00000000     df        0  *ABS*
	wm_hal_irq.c.obj                   0x00000000     df        0  *ABS*
	wm_heap.c.obj                      0x00000000     df        0  *ABS*
	wm_log.c.obj                       0x00000000     df        0  *ABS*
	wm_osal.c.obj                      0x00000000     df        0  *ABS*
	wm_partition_table.c.obj           0x00000000     df        0  *ABS*
	wm_printf.c.obj                    0x00000000     df        0  *ABS*
	wm_stub_drv.c.obj                  0x00000000     df        0  *ABS*
	wm_system.c.obj                    0x00000000     df        0  *ABS*
	$d                                 0x0800a500               0  .text
	$t                                 0x0800a500               0  .text
	__end.5654                         0x0800a500      O        0  .text
	__start.5652                       0x0800a500      O        0  .text
	_start                             0x0800a500               0  .text
	__exit                             0x0800a564               0  .text
	$d                                 0x0800a566               0  .text
	$t                                 0x0800a590               0  .text
	$d                                 0x0800a5d6               0  .text
	$t                                 0x0800a5e0               0  .text
	$d                                 0x0800a678               0  .text
	$d                                 0x0800a680               0  .text
	$t                                 0x0800a680               0  .text
	$d                                 0x0800a6b8               0  .text
	$t                                 0x0800a6b8               0  .text
	$d                                 0x0800a9e6               0  .text
	$d                                 0x0800a9ec               0  .text
	$t                                 0x0800a9ec               0  .text
	$d                                 0x0800ad0c               0  .text
	$d                                 0x0800ad10               0  .text
	$t                                 0x0800ad10               0  .text
	_fpadd_parts                       0x0800ad3c      F      706  .text
	$d                                 0x0800ad3c               0  .text
	$t                                 0x0800ad3c               0  .text
	$d                                 0x0800b068               0  .text
	$d                                 0x0800b06c               0  .text
	$t                                 0x0800b06c               0  .text
	$d                                 0x0800b268               0  .text
	$d                                 0x0800b26c               0  .text
	$t                                 0x0800b26c               0  .text
	$d                                 0x0800b37e               0  .text
	$d                                 0x0800b384               0  .text
	$t                                 0x0800b384               0  .text
	$d                                 0x0800b3bc               0  .text
	$t                                 0x0800b3bc               0  .text
	$d                                 0x0800b3fc               0  .text
	$t                                 0x0800b3fc               0  .text
	$d                                 0x0800b43c               0  .text
	$t                                 0x0800b43c               0  .text
	$d                                 0x0800b474               0  .text
	$t                                 0x0800b474               0  .text
	$d                                 0x0800b4ac               0  .text
	$t                                 0x0800b4ac               0  .text
	$d                                 0x0800b514               0  .text
	$t                                 0x0800b514               0  .text
	$d                                 0x0800b584               0  .text
	$t                                 0x0800b584               0  .text
	$d                                 0x0800b5b4               0  .text
	$t                                 0x0800b5b4               0  .text
	$d                                 0x0800b5e8               0  .text
	$t                                 0x0800b5e8               0  .text
	$d                                 0x0800b640               0  .text
	$t                                 0x0800b640               0  .text
	$d                                 0x0800b68c               0  .text
	$t                                 0x0800b68c               0  .text
	$d                                 0x0800b704               0  .text
	$d                                 0x0800b708               0  .text
	$t                                 0x0800b708               0  .text
	$d                                 0x0800b720               0  .text
	$t                                 0x0800b720               0  .text
	$d                                 0x0800b8b0               0  .text
	$t                                 0x0800b8b0               0  .text
	$d                                 0x0800b994               0  .text
	$t                                 0x0800b994               0  .text
	$d                                 0x0800ba58               0  .text
	$t                                 0x0800ba58               0  .text
	$d                                 0x0800bb18               0  .text
	$t                                 0x0800bb18               0  .text
	$d                                 0x0800bb34               0  .text
	$t                                 0x0800bb34               0  .text
	$d                                 0x0800bb40               0  .text
	$d                                 0x0800bb44               0  .text
	$t                                 0x0800bb44               0  .text
	$d                                 0x0800bb60               0  .text
	$t                                 0x0800bb60               0  .text
	$d                                 0x0800bb74               0  .text
	$d                                 0x0800bb78               0  .text
	$t                                 0x0800bb78               0  .text
	$d                                 0x0800bb90               0  .text
	$t                                 0x0800bb90               0  .text
	$d                                 0x0800bbda               0  .text
	$d                                 0x0800bbe4               0  .text
	$t                                 0x0800bbe4               0  .text
	swrite                             0x0800bc30      F       64  .text
	$d                                 0x0800bc30               0  .text
	$t                                 0x0800bc30               0  .text
	$d                                 0x0800bcd6               0  .text
	$d                                 0x0800bcdc               0  .text
	$t                                 0x0800bcdc               0  .text
	$d                                 0x0800bd7c               0  .text
	$t                                 0x0800bd7c               0  .text
	$d                                 0x0800bdbc               0  .text
	$t                                 0x0800bdbc               0  .text
	$d                                 0x0800be88               0  .text
	$t                                 0x0800be88               0  .text
	$d                                 0x0800beb4               0  .text
	$t                                 0x0800beb4               0  .text
	$d                                 0x0800bf34               0  .text
	$t                                 0x0800bf34               0  .text
	$d                                 0x0800c080               0  .text
	$t                                 0x0800c080               0  .text
	$d                                 0x0800c0a4               0  .text
	$t                                 0x0800c0a4               0  .text
	$d                                 0x0800c0b4               0  .text
	$t                                 0x0800c0b4               0  .text
	$d                                 0x0800c0bc               0  .text
	$t                                 0x0800c0bc               0  .text
	$d                                 0x0800c0cc               0  .text
	$t                                 0x0800c0cc               0  .text
	PAD.1851                           0x0800c104      F       60  .text
	$d                                 0x0800c104               0  .text
	$t                                 0x0800c104               0  .text
	$d                                 0x0800c43e               0  .text
	$t                                 0x0800c44c               0  .text
	$d                                 0x0800c7ec               0  .text
	$t                                 0x0800c7f8               0  .text
	$d                                 0x0800c860               0  .text
	$t                                 0x0800c860               0  .text
	$d                                 0x0800cc3a               0  .text
	$t                                 0x0800cc58               0  .text
	$d                                 0x0800cc84               0  .text
	$t                                 0x0800cc84               0  .text
	$d                                 0x0800ccb0               0  .text
	$t                                 0x0800ccb0               0  .text
	$d                                 0x0800ccc4               0  .text
	$t                                 0x0800ccc4               0  .text
	$d                                 0x0800ccd6               0  .text
	$d                                 0x0800cce0               0  .text
	$t                                 0x0800cce0               0  .text
	vTimerCallback                     0x0800cd0c      F       10  .text
	$d                                 0x0800cd0c               0  .text
	$t                                 0x0800cd0c               0  .text
	$d                                 0x0800cd16               0  .text
	test_task                          0x0800cd1c      F       18  .text
	$d                                 0x0800cd1c               0  .text
	$t                                 0x0800cd1c               0  .text
	$d                                 0x0800cd2e               0  .text
	$d                                 0x0800cd34               0  .text
	$t                                 0x0800cd34               0  .text
	$d                                 0x0800cd88               0  .text
	$d                                 0x0800cd9c               0  .text
	$t                                 0x0800cd9c               0  .text
	$d                                 0x0800cdec               0  .text
	$d                                 0x0800cdf0               0  .text
	$t                                 0x0800cdf0               0  .text
	$d                                 0x0800ce20               0  .text
	$d                                 0x0800ce24               0  .text
	$t                                 0x0800ce24               0  .text
	$d                                 0x0800ce58               0  .text
	$t                                 0x0800ce58               0  .text
	$d                                 0x0800ce88               0  .text
	$t                                 0x0800ce88               0  .text
	$d                                 0x0800ceb8               0  .text
	$t                                 0x0800ceb8               0  .text
	$d                                 0x0800cf0a               0  .text
	$d                                 0x0800cf18               0  .text
	$t                                 0x0800cf18               0  .text
	$d                                 0x0800cf24               0  .text
	$t                                 0x0800cf24               0  .text
	$d                                 0x0800cf38               0  .text
	$d                                 0x0800cf40               0  .text
	$t                                 0x0800cf40               0  .text
	$d                                 0x0800cf76               0  .text
	$t                                 0x0800cf84               0  .text
	$d                                 0x0800d022               0  .text
	CK_IN_INTRP                        0x0800d070      F       24  .text
	$d                                 0x0800d070               0  .text
	$t                                 0x0800d070               0  .text
	$d                                 0x0800d088               0  .text
	$t                                 0x0800d088               0  .text
	$d                                 0x0800d0bc               0  .text
	$t                                 0x0800d0bc               0  .text
	$d                                 0x0800d0c8               0  .text
	$t                                 0x0800d0c8               0  .text
	$d                                 0x0800d0de               0  .text
	$d                                 0x0800d0e4               0  .text
	$t                                 0x0800d0e4               0  .text
	$d                                 0x0800d0fc               0  .text
	$t                                 0x0800d0fc               0  .text
	$d                                 0x0800d108               0  .text
	$t                                 0x0800d108               0  .text
	$d                                 0x0800d158               0  .text
	$t                                 0x0800d158               0  .text
	$d                                 0x0800d170               0  .text
	$t                                 0x0800d170               0  .text
	$d                                 0x0800d1c0               0  .text
	$t                                 0x0800d1c0               0  .text
	$d                                 0x0800d210               0  .text
	$t                                 0x0800d210               0  .text
	$d                                 0x0800d218               0  .text
	$t                                 0x0800d218               0  .text
	$d                                 0x0800d224               0  .text
	$t                                 0x0800d224               0  .text
	$d                                 0x0800d22c               0  .text
	$t                                 0x0800d22c               0  .text
	$d                                 0x0800d234               0  .text
	$t                                 0x0800d234               0  .text
	$d                                 0x0800d240               0  .text
	$d                                 0x0800d244               0  .text
	$t                                 0x0800d244               0  .text
	$d                                 0x0800d24c               0  .text
	$t                                 0x0800d24c               0  .text
	$d                                 0x0800d250               0  .text
	$t                                 0x0800d250               0  .text
	_out_buffer                        0x0800d260      F       10  .text
	$d                                 0x0800d260               0  .text
	$t                                 0x0800d260               0  .text
	_out_null                          0x0800d26c      F        2  .text
	$d                                 0x0800d26c               0  .text
	$t                                 0x0800d26c               0  .text
	_out_rev                           0x0800d270      F      124  .text
	$d                                 0x0800d270               0  .text
	$t                                 0x0800d270               0  .text
	_ntoa_format                       0x0800d2ec      F      346  .text
	$d                                 0x0800d2ec               0  .text
	$t                                 0x0800d2ec               0  .text
	_ntoa_long                         0x0800d448      F      180  .text
	$d                                 0x0800d448               0  .text
	$t                                 0x0800d448               0  .text
	_ntoa_long_long                    0x0800d4fc      F      220  .text
	$d                                 0x0800d4fc               0  .text
	$t                                 0x0800d4fc               0  .text
	_out_uart                          0x0800d5d8      F        8  .text
	$d                                 0x0800d5d8               0  .text
	$t                                 0x0800d5d8               0  .text
	_ftoa                              0x0800d5e0      F      942  .text
	$d                                 0x0800d5e0               0  .text
	$t                                 0x0800d5e0               0  .text
	$d                                 0x0800d936               0  .text
	$t                                 0x0800d954               0  .text
	_etoa                              0x0800d990      F      954  .text
	$d                                 0x0800d990               0  .text
	$t                                 0x0800d990               0  .text
	$d                                 0x0800dd4a               0  .text
	_vsnprintf                         0x0800dd88      F     2348  .text
	$d                                 0x0800dd88               0  .text
	$t                                 0x0800dd88               0  .text
	$d                                 0x0800e122               0  .text
	$t                                 0x0800e12c               0  .text
	$d                                 0x0800e6b4               0  .text
	$t                                 0x0800e6b4               0  .text
	$d                                 0x0800e6ca               0  .text
	$d                                 0x0800e6d0               0  .text
	$t                                 0x0800e6d0               0  .text
	$d                                 0x0800e6fe               0  .text
	wm_start_task                      0x0800e704      F      198  .text
	$d                                 0x0800e704               0  .text
	$t                                 0x0800e704               0  .text
	$d                                 0x0800e7ca               0  .text
	$d                                 0x0800e7f0               0  .text
	$t                                 0x0800e7f0               0  .text
	$d                                 0x0800e812               0  .text
	$d                                 0x0800e81c               0  .text
	$t                                 0x0800e81c               0  .text
	$d                                 0x0800e83c               0  .text
	$t                                 0x0800e83c               0  .text
	$d                                 0x0800e8a8               0  .text
	$d                                 0x0800e8b4               0  .text
	$t                                 0x0800e8b4               0  .text
	$d                                 0x0800e986               0  .text
	tls_crypto_sem_lock                0x0800e99c      F       20  .text
	$d                                 0x0800e99c               0  .text
	$t                                 0x0800e99c               0  .text
	$d                                 0x0800e9b0               0  .text
	tls_crypto_sem_unlock              0x0800e9b4      F       16  .text
	$d                                 0x0800e9b4               0  .text
	$t                                 0x0800e9b4               0  .text
	$d                                 0x0800e9c4               0  .text
	hd_md5_compress                    0x0800e9c8      F      114  .text
	$d                                 0x0800e9c8               0  .text
	$t                                 0x0800e9c8               0  .text
	$d                                 0x0800ea3a               0  .text
	$d                                 0x0800ea40               0  .text
	$t                                 0x0800ea40               0  .text
	$d                                 0x0800ea5a               0  .text
	$d                                 0x0800ea60               0  .text
	$t                                 0x0800ea60               0  .text
	$d                                 0x0800ea76               0  .text
	$d                                 0x0800ea7c               0  .text
	$t                                 0x0800ea7c               0  .text
	$d                                 0x0800eabe               0  .text
	$d                                 0x0800ead4               0  .text
	$t                                 0x0800ead4               0  .text
	$d                                 0x0800eb30               0  .text
	$t                                 0x0800eb30               0  .text
	$d                                 0x0800ec02               0  .text
	$d                                 0x0800ec08               0  .text
	$t                                 0x0800ec08               0  .text
	$d                                 0x0800ec30               0  .text
	$t                                 0x0800ec30               0  .text
	$d                                 0x0800ec46               0  .text
	$d                                 0x0800ec4c               0  .text
	$t                                 0x0800ec4c               0  .text
	$d                                 0x0800ecaa               0  .text
	$d                                 0x0800ecb4               0  .text
	$t                                 0x0800ecb4               0  .text
	$d                                 0x0800ecd2               0  .text
	$d                                 0x0800ecd8               0  .text
	$t                                 0x0800ecd8               0  .text
	$d                                 0x0800ecea               0  .text
	$d                                 0x0800ecf0               0  .text
	$t                                 0x0800ecf0               0  .text
	$d                                 0x0800ed0e               0  .text
	$d                                 0x0800ed14               0  .text
	$t                                 0x0800ed14               0  .text
	$d                                 0x0800ed32               0  .text
	$d                                 0x0800ed38               0  .text
	$t                                 0x0800ed38               0  .text
	$d                                 0x0800eff4               0  .text
	$d                                 0x0800f03c               0  .text
	$t                                 0x0800f03c               0  .text
	$d                                 0x0800f08c               0  .text
	$d                                 0x0800f0a8               0  .text
	$t                                 0x0800f0a8               0  .text
	$d                                 0x0800f0f2               0  .text
	$d                                 0x0800f110               0  .text
	$t                                 0x0800f110               0  .text
	$d                                 0x0800f198               0  .text
	get_fmt_enabled                    0x0800f1b4      F       90  .text
	$d                                 0x0800f1b4               0  .text
	$t                                 0x0800f1b4               0  .text
	$d                                 0x0800f20e               0  .text
	$d                                 0x0800f22c               0  .text
	$t                                 0x0800f22c               0  .text
	$d                                 0x0800f258               0  .text
	$d                                 0x0800f25c               0  .text
	$t                                 0x0800f25c               0  .text
	$d                                 0x0800f2b6               0  .text
	$d                                 0x0800f2bc               0  .text
	$t                                 0x0800f2bc               0  .text
	$d                                 0x0800f354               0  .text
	$d                                 0x0800f370               0  .text
	$t                                 0x0800f370               0  .text
	$d                                 0x0800f388               0  .text
	$d                                 0x0800f390               0  .text
	$t                                 0x0800f390               0  .text
	$d                                 0x0800f39c               0  .text
	$d                                 0x0800f3a0               0  .text
	$t                                 0x0800f3a0               0  .text
	$d                                 0x0800f3b0               0  .text
	$d                                 0x0800f3b4               0  .text
	$t                                 0x0800f3b4               0  .text
	$d                                 0x0800f3c0               0  .text
	$d                                 0x0800f3c4               0  .text
	$t                                 0x0800f3c4               0  .text
	$d                                 0x0800f3e4               0  .text
	$d                                 0x0800f3ec               0  .text
	$t                                 0x0800f3ec               0  .text
	$d                                 0x0800f3f0               0  .text
	$d                                 0x0800f3f4               0  .text
	$t                                 0x0800f3f4               0  .text
	$d                                 0x0800f3fc               0  .text
	$t                                 0x0800f3fc               0  .text
	heap_insert_block_into_free_list   0x0800f44c      F       68  .text
	$d                                 0x0800f44c               0  .text
	$t                                 0x0800f44c               0  .text
	$d                                 0x0800f490               0  .text
	$t                                 0x0800f490               0  .text
	$d                                 0x0800f496               0  .text
	$d                                 0x0800f49c               0  .text
	$t                                 0x0800f49c               0  .text
	$d                                 0x0800f61e               0  .text
	$d                                 0x0800f638               0  .text
	$t                                 0x0800f638               0  .text
	$d                                 0x0800f6ec               0  .text
	$d                                 0x0800f6fc               0  .text
	$t                                 0x0800f6fc               0  .text
	$d                                 0x0800f7c8               0  .text
	wm_ll_fls_read_by_cmd.constprop.2  0x0800f7dc      F      194  .text
	$d                                 0x0800f7dc               0  .text
	$t                                 0x0800f7dc               0  .text
	$d                                 0x0800f89e               0  .text
	$d                                 0x0800f8ac               0  .text
	$t                                 0x0800f8ac               0  .text
	$d                                 0x0800fa38               0  .text
	$d                                 0x0800fa50               0  .text
	$t                                 0x0800fa50               0  .text
	$d                                 0x0800fa8e               0  .text
	$d                                 0x0800faa4               0  .text
	$t                                 0x0800faa4               0  .text
	$d                                 0x0800fc02               0  .text
	wm_hal_irq_unexpected_handler      0x0800fc20      F       12  .text
	$d                                 0x0800fc20               0  .text
	$t                                 0x0800fc20               0  .text
	$d                                 0x0800fc2c               0  .text
	$d                                 0x0800fc30               0  .text
	$t                                 0x0800fc30               0  .text
	$d                                 0x0800fc50               0  .text
	$d                                 0x0800fc58               0  .text
	$t                                 0x0800fc58               0  .text
	$d                                 0x0800fc8c               0  .text
	$d                                 0x0800fca0               0  .text
	$t                                 0x0800fca0               0  .text
	$d                                 0x0800fcba               0  .text
	$d                                 0x0800fcc0               0  .text
	$t                                 0x0800fcc0               0  .text
	$d                                 0x0800fcd8               0  .text
	$d                                 0x0800fcdc               0  .text
	$t                                 0x0800fcdc               0  .text
	$d                                 0x0800fce2               0  .text
	$d                                 0x0800fce8               0  .text
	$t                                 0x0800fce8               0  .text
	$d                                 0x0800fcf6               0  .text
	$d                                 0x0800fcfc               0  .text
	$t                                 0x0800fcfc               0  .text
	$d                                 0x0800fd80               0  .text
	$d                                 0x0800fd8c               0  .text
	$t                                 0x0800fd8c               0  .text
	$d                                 0x0800fee6               0  .text
	$d                                 0x0800ff14               0  .text
	$t                                 0x0800ff14               0  .text
	$d                                 0x0800ff28               0  .text
	$t                                 0x0800ff28               0  .text
	$d                                 0x0800ff30               0  .text
	$t                                 0x0800ff30               0  .text
	$d                                 0x0800ff48               0  .text
	$t                                 0x0800ff48               0  .text
	$d                                 0x0800ff7c               0  .text
	$t                                 0x0800ff7c               0  .text
	prvIsQueueEmpty                    0x0800ffa0      F       20  .text
	$d                                 0x0800ffa0               0  .text
	$t                                 0x0800ffa0               0  .text
	prvCopyDataToQueue                 0x0800ffb4      F      112  .text
	$d                                 0x0800ffb4               0  .text
	$t                                 0x0800ffb4               0  .text
	prvCopyDataFromQueue               0x08010024      F       38  .text
	$d                                 0x08010024               0  .text
	$t                                 0x08010024               0  .text
	prvUnlockQueue                     0x0801004c      F      118  .text
	$d                                 0x0801004c               0  .text
	$t                                 0x0801004c               0  .text
	$d                                 0x080100c4               0  .text
	$t                                 0x080100c4               0  .text
	$d                                 0x08010144               0  .text
	$d                                 0x0801014c               0  .text
	$t                                 0x0801014c               0  .text
	$d                                 0x080101f6               0  .text
	$d                                 0x08010200               0  .text
	$t                                 0x08010200               0  .text
	$d                                 0x08010278               0  .text
	$d                                 0x08010280               0  .text
	$t                                 0x08010280               0  .text
	$d                                 0x080102c0               0  .text
	$d                                 0x080102c8               0  .text
	$t                                 0x080102c8               0  .text
	$d                                 0x0801042c               0  .text
	prvInitialiseMutex                 0x08010434      F       24  .text
	$d                                 0x08010434               0  .text
	$t                                 0x08010434               0  .text
	$d                                 0x0801044c               0  .text
	$t                                 0x0801044c               0  .text
	$d                                 0x08010464               0  .text
	$t                                 0x08010464               0  .text
	$d                                 0x0801052c               0  .text
	$d                                 0x08010534               0  .text
	$t                                 0x08010534               0  .text
	$d                                 0x080105ec               0  .text
	$d                                 0x080105f4               0  .text
	$t                                 0x080105f4               0  .text
	$d                                 0x08010736               0  .text
	$d                                 0x08010740               0  .text
	$t                                 0x08010740               0  .text
	$d                                 0x080108ce               0  .text
	$d                                 0x080108d8               0  .text
	$t                                 0x080108d8               0  .text
	$d                                 0x08010982               0  .text
	$d                                 0x0801098c               0  .text
	$t                                 0x0801098c               0  .text
	$d                                 0x080109b2               0  .text
	$d                                 0x080109bc               0  .text
	$t                                 0x080109bc               0  .text
	prvAddNewTaskToReadyList           0x08010a08      F      184  .text
	$d                                 0x08010a08               0  .text
	$t                                 0x08010a08               0  .text
	$d                                 0x08010ac0               0  .text
	prvResetNextTaskUnblockTime        0x08010af4      F       28  .text
	$d                                 0x08010af4               0  .text
	$t                                 0x08010af4               0  .text
	$d                                 0x08010b10               0  .text
	prvInitialiseNewTask.isra.2        0x08010b18      F      176  .text
	$d                                 0x08010b18               0  .text
	$t                                 0x08010b18               0  .text
	prvDeleteTCB                       0x08010bc8      F       68  .text
	$d                                 0x08010bc8               0  .text
	$t                                 0x08010bc8               0  .text
	$d                                 0x08010c0c               0  .text
	prvIdleTask                        0x08010c14      F       74  .text
	$d                                 0x08010c14               0  .text
	$t                                 0x08010c14               0  .text
	$d                                 0x08010c5e               0  .text
	prvAddCurrentTaskToDelayedList     0x08010c70      F       94  .text
	$d                                 0x08010c70               0  .text
	$t                                 0x08010c70               0  .text
	$d                                 0x08010cce               0  .text
	$d                                 0x08010ce8               0  .text
	$t                                 0x08010ce8               0  .text
	$d                                 0x08010d70               0  .text
	$d                                 0x08010d78               0  .text
	$t                                 0x08010d78               0  .text
	$d                                 0x08010de6               0  .text
	$d                                 0x08010dec               0  .text
	$t                                 0x08010dec               0  .text
	$d                                 0x08010e7a               0  .text
	$d                                 0x08010ea0               0  .text
	$t                                 0x08010ea0               0  .text
	$d                                 0x08010f0a               0  .text
	$d                                 0x08010f28               0  .text
	$t                                 0x08010f28               0  .text
	$d                                 0x08010f32               0  .text
	$d                                 0x08010f38               0  .text
	$t                                 0x08010f38               0  .text
	$d                                 0x08010f3e               0  .text
	$d                                 0x08010f44               0  .text
	$t                                 0x08010f44               0  .text
	$d                                 0x08010f4a               0  .text
	$d                                 0x08010f50               0  .text
	$t                                 0x08010f50               0  .text
	$d                                 0x08010f74               0  .text
	$d                                 0x08010f80               0  .text
	$t                                 0x08010f80               0  .text
	$d                                 0x0801107e               0  .text
	$d                                 0x080110b4               0  .text
	$t                                 0x080110b4               0  .text
	$d                                 0x08011184               0  .text
	$d                                 0x080111ac               0  .text
	$t                                 0x080111ac               0  .text
	$d                                 0x080111f2               0  .text
	$d                                 0x08011200               0  .text
	$t                                 0x08011200               0  .text
	$d                                 0x08011294               0  .text
	$d                                 0x080112b0               0  .text
	$t                                 0x080112b0               0  .text
	$d                                 0x080112de               0  .text
	$d                                 0x080112ec               0  .text
	$t                                 0x080112ec               0  .text
	$d                                 0x08011324               0  .text
	$d                                 0x08011330               0  .text
	$t                                 0x08011330               0  .text
	$d                                 0x0801139e               0  .text
	$d                                 0x080113c0               0  .text
	$t                                 0x080113c0               0  .text
	$d                                 0x080113ce               0  .text
	$d                                 0x080113d8               0  .text
	$t                                 0x080113d8               0  .text
	$d                                 0x08011456               0  .text
	$d                                 0x08011468               0  .text
	$t                                 0x08011468               0  .text
	$d                                 0x08011470               0  .text
	$d                                 0x08011474               0  .text
	$t                                 0x08011474               0  .text
	$d                                 0x0801148c               0  .text
	$d                                 0x08011494               0  .text
	$t                                 0x08011494               0  .text
	$d                                 0x0801150c               0  .text
	$d                                 0x08011518               0  .text
	$t                                 0x08011518               0  .text
	$d                                 0x08011594               0  .text
	$d                                 0x080115a8               0  .text
	$t                                 0x080115a8               0  .text
	$d                                 0x08011636               0  .text
	$d                                 0x0801164c               0  .text
	$t                                 0x0801164c               0  .text
	$d                                 0x08011660               0  .text
	prvCheckForValidListAndQueue       0x08011664      F       64  .text
	$d                                 0x08011664               0  .text
	$t                                 0x08011664               0  .text
	$d                                 0x080116a4               0  .text
	prvInsertTimerInActiveList         0x080116c0      F       50  .text
	$d                                 0x080116c0               0  .text
	$t                                 0x080116c0               0  .text
	$d                                 0x080116f2               0  .text
	prvInitialiseNewTimer.part.1       0x080116fc      F       20  .text
	$d                                 0x080116fc               0  .text
	$t                                 0x080116fc               0  .text
	$d                                 0x08011710               0  .text
	$d                                 0x08011718               0  .text
	$t                                 0x08011718               0  .text
	$d                                 0x08011770               0  .text
	$d                                 0x08011788               0  .text
	$t                                 0x08011788               0  .text
	$d                                 0x080117e0               0  .text
	$d                                 0x080117e4               0  .text
	$t                                 0x080117e4               0  .text
	$d                                 0x08011844               0  .text
	prvSwitchTimerLists                0x08011850      F      122  .text
	$d                                 0x08011850               0  .text
	$t                                 0x08011850               0  .text
	$d                                 0x080118ca               0  .text
	prvTimerTask                       0x080118dc      F      528  .text
	$d                                 0x080118dc               0  .text
	$t                                 0x080118dc               0  .text
	$d                                 0x080119f2               0  .text
	$t                                 0x08011a0c               0  .text
	$d                                 0x08011aec               0  .text
	$d                                 0x08011af8               0  .text
	$t                                 0x08011af8               0  .text
	$d                                 0x08011b14               0  .text
	$t                                 0x08011b14               0  .text
	$d                                 0x08011c7e               0  .text
	$d                                 0x08011cf8               0  .text
	$t                                 0x08011cf8               0  .text
	$d                                 0x08011d08               0  .text
	$d                                 0x08011d0c               0  .text
	$t                                 0x08011d0c               0  .text
	$d                                 0x08011d1a               0  .text
	$d                                 0x08011d20               0  .text
	$t                                 0x08011d20               0  .text
	$d                                 0x08011d28               0  .text
	$t                                 0x08011d28               0  .text
	$d                                 0x08011d4a               0  .text
	$d                                 0x08011d50               0  .text
	$t                                 0x08011d50               0  .text
	$d                                 0x08011d60               0  .text
	$d                                 0x08011d68               0  .text
	$t                                 0x08011d68               0  .text
	$d                                 0x08011d78               0  .text
	$d                                 0x08011d80               0  .text
	$t                                 0x08011d80               0  .text
	$d                                 0x08011d8e               0  .text
	$d                                 0x08011d94               0  .text
	$t                                 0x08011d94               0  .text
	$d                                 0x08011d9c               0  .text
	$t                                 0x08011d9c               0  .text
	$d                                 0x08011da0               0  .text
	$t                                 0x08011da0               0  .text
	$d                                 0x08011db0               0  .text
	$t                                 0x08011db0               0  .text
	$d                                 0x08011db8               0  .text
	$t                                 0x08011db8               0  .text
	$d                                 0x08011e04               0  .text
	$d                                 0x08011e18               0  .text
	$t                                 0x08011e18               0  .text
	$d                                 0x08011e58               0  .text
	$t                                 0x08011e58               0  .text
	$d                                 0x08011e9a               0  .text
	$d                                 0x08011eb0               0  .text
	$t                                 0x08011eb0               0  .text
	$d                                 0x08011ed8               0  .text
	$d                                 0x08011ee0               0  .text
	$t                                 0x08011ee0               0  .text
	$d                                 0x08011f0c               0  .text
	$d                                 0x08011f10               0  .text
	$t                                 0x08011f10               0  .text
	$d                                 0x08011f3c               0  .text
	$d                                 0x08011f40               0  .text
	$t                                 0x08011f40               0  .text
	$d                                 0x08011f62               0  .text
	$d                                 0x08011f68               0  .text
	$t                                 0x08011f68               0  .text
	blanks.1847                        0x080120a4      O       16  .rodata
	zeroes.1848                        0x080120b4      O       16  .rodata
	CSWTCH.1                           0x080120c4      O      576  .rodata
	pow10.4276                         0x08012534      O       80  .rodata
	__FUNCTION__.5648                  0x08012584      O       14  .rodata
	__FUNCTION__.4016                  0x08012613      O       13  .rodata
	__FUNCTION__.4028                  0x08012620      O       20  .rodata
	__FUNCTION__.4069                  0x08012634      O       24  .rodata
	__FUNCTION__.4103                  0x0801264c      O       12  .rodata
	__FUNCTION__.4112                  0x08012658      O       16  .rodata
	level_output_info                  0x08012718      O       24  .rodata
	__FUNCTION__.3791                  0x08012742      O       12  .rodata
	__FUNCTION__.5644                  0x0801281c      O       16  .rodata
	__FUNCTION__.5701                  0x0801282c      O       16  .rodata
	__FUNCTION__.5706                  0x0801283c      O       16  .rodata
	__FUNCTION__.5553                  0x0801299c      O       24  .rodata
	__FUNCTION__.5651                  0x08012bbb      O       16  .rodata
	__FUNCTION__.5681                  0x08012bcb      O       16  .rodata
	__stderr                           0x20000104      O       28  .data
	__stdout                           0x20000124      O       28  .data
	__stdin                            0x20000144      O       28  .data
	uxCriticalNesting                  0x200001e4      O        4  .data
	uart_contexts                      0x200001e8      O       84  .data
	printf_port                        0x20001548      O        1  .bss
	elog                               0x2000154c      O      248  .bss
	log_buf                            0x20001644      O     1024  .bss
	elog_lock                          0x20001a44      O        4  .bss
	elog_timestr.5626                  0x20001a48      O       16  .bss
	heap_used_block_list               0x20001a58      O       24  .bss
	wm_heaps                           0x20001a70      O       20  .bss
	wm_hal_fls_dev                     0x20001a84      O        4  .bss
	g_partition_table_addr             0x20001a88      O        4  .bss
	g_partition_table_count            0x20001a8c      O        4  .bss
	g_partition_table_verified         0x20001a90      O        1  .bss
	pxDelayedTaskList                  0x20001a98      O        4  .bss
	pxOverflowDelayedTaskList          0x20001a9c      O        4  .bss
	pxReadyTasksLists                  0x20001aa0      O      320  .bss
	uxCurrentNumberOfTasks             0x20001be0      O        4  .bss
	uxDeletedTasksWaitingCleanUp       0x20001be4      O        4  .bss
	uxSchedulerSuspended               0x20001be8      O        4  .bss
	uxTaskNumber                       0x20001bec      O        4  .bss
	uxTopReadyPriority                 0x20001bf0      O        4  .bss
	xDelayedTaskList1                  0x20001bf4      O       20  .bss
	xDelayedTaskList2                  0x20001c08      O       20  .bss
	xNextTaskUnblockTime               0x20001c1c      O        4  .bss
	xNumOfOverflows                    0x20001c20      O        4  .bss
	xPendedTicks                       0x20001c24      O        4  .bss
	xPendingReadyList                  0x20001c28      O       20  .bss
	xSchedulerRunning                  0x20001c3c      O        4  .bss
	xSuspendedTaskList                 0x20001c40      O       20  .bss
	xTasksWaitingTermination           0x20001c54      O       20  .bss
	xTickCount                         0x20001c68      O        4  .bss
	xYieldPending                      0x20001c6c      O        4  .bss
	pxCurrentTimerList                 0x20001c70      O        4  .bss
	pxOverflowTimerList                0x20001c74      O        4  .bss
	ucStaticTimerQueueStorage.5571     0x20001c78      O     2048  .bss
	xActiveTimerList1                  0x20002478      O       20  .bss
	xActiveTimerList2                  0x2000248c      O       20  .bss
	xLastTime.5520                     0x200024a0      O        4  .bss
	xStaticTimerQueue.5570             0x200024a4      O       80  .bss
	xTimerQueue                        0x200024f4      O        4  .bss
	xTimerTaskHandle                   0x200024f8      O        4  .bss
	uxIdleTaskStack.5439               0x200024fc      O     1024  .bss
	uxTimerTaskStack.5446              0x200028fc      O     2048  .bss
	xIdleTaskTCB.5438                  0x200030fc      O      108  .bss
	xTimerTaskTCB.5445                 0x20003168      O      108  .bss
	g_drv_fls_lock                     0x200031d4      O        4  .bss

	Global Symbols

	Symbol Name                        Value        Type   Size  Section
	__Vectors                          0x0800a400      O      256  .text
	reset_handler                      0x0800a500      F      100  .text
	__stext                            0x0800a500               0  .text
	trap                               0x0800a590      F        0  .text
	ADC_IRQHandler                     0x0800a5d4    w F        2  .text
	BLE_IRQHandler                     0x0800a5d4    w F        2  .text
	BT_IRQHandler                      0x0800a5d4    w F        2  .text
	CORET_IRQHandler                   0x0800a5d4    w F        2  .text
	DMA_BRUST_IRQHandler               0x0800a5d4    w F        2  .text
	DMA_Channel0_IRQHandler            0x0800a5d4    w F        2  .text
	DMA_Channel1_IRQHandler            0x0800a5d4    w F        2  .text
	DMA_Channel2_IRQHandler            0x0800a5d4    w F        2  .text
	DMA_Channel3_IRQHandler            0x0800a5d4    w F        2  .text
	DMA_Channel4_7_IRQHandler          0x0800a5d4    w F        2  .text
	FLASH_IRQHandler                   0x0800a5d4    w F        2  .text
	GPIOA_IRQHandler                   0x0800a5d4    w F        2  .text
	GPIOB_IRQHandler                   0x0800a5d4    w F        2  .text
	GPSEC_IRQHandler                   0x0800a5d4    w F        2  .text
	I2C_IRQHandler                     0x0800a5d4    w F        2  .text
	I2S_IRQHandler                     0x0800a5d4    w F        2  .text
	MAC_IRQHandler                     0x0800a5d4    w F        2  .text
	PMU_IRQHandler                     0x0800a5d4    w F        2  .text
	PWM_IRQHandler                     0x0800a5d4    w F        2  .text
	RF_Cfg_IRQHandler                  0x0800a5d4    w F        2  .text
	RSA_IRQHandler                     0x0800a5d4    w F        2  .text
	SDIO_HOST_IRQHandler               0x0800a5d4    w F        2  .text
	SDIO_IRQHandler                    0x0800a5d4    w F        2  .text
	SEC_IRQHandler                     0x0800a5d4    w F        2  .text
	SPI_HS_IRQHandler                  0x0800a5d4    w F        2  .text
	SPI_LS_IRQHandler                  0x0800a5d4    w F        2  .text
	TIM0_5_IRQHandler                  0x0800a5d4    w F        2  .text
	USART1_IRQHandler                  0x0800a5d4    w F        2  .text
	USART2_IRQHandler                  0x0800a5d4    w F        2  .text
	USART3_5_IRQHandler                0x0800a5d4    w F        2  .text
	USART_IRQHandler                   0x0800a5d4    w F        2  .text
	WDG_IRQHandler                     0x0800a5d4    w F        2  .text
	default_handler                    0x0800a5d4    w F        2  .text
	cpu_yeild                          0x0800a5e0      F        0  .text
	vPortStartTask                     0x0800a5ea      F        0  .text
	tspend_handler                     0x0800a61c      F        2  .text
	__fixunsdfsi                       0x0800a680      F       56  .text
	__udivdi3                          0x0800a6b8      F      814  .text
	__umoddi3                          0x0800a9ec      F      800  .text
	__extendsfdf2                      0x0800ad10      F       42  .text
	__adddf3                           0x0800b000      F       48  .text
	__subdf3                           0x0800b030      F       56  .text
	__muldf3                           0x0800b06c      F      508  .text
	__divdf3                           0x0800b26c      F      274  .text
	__nedf2                            0x0800b384      F       56  .text
	__gtdf2                            0x0800b3bc      F       64  .text
	__gedf2                            0x0800b3fc      F       64  .text
	__ltdf2                            0x0800b43c      F       56  .text
	__ledf2                            0x0800b474      F       56  .text
	__floatsidf                        0x0800b4ac      F      104  .text
	__fixdfsi                          0x0800b514      F      112  .text
	__make_dp                          0x0800b584      F       46  .text
	__truncdfsf2                       0x0800b5b4      F       52  .text
	__floatunsidf                      0x0800b5e8      F       86  .text
	__muldi3                           0x0800b640      F       74  .text
	__unpack_f                         0x0800b68c      F      120  .text
	__make_fp                          0x0800b708      F       22  .text
	__pack_d                           0x0800b720      F      398  .text
	__unpack_d                         0x0800b8b0      F      228  .text
	__fpcmp_parts_d                    0x0800b994      F      194  .text
	__pack_f                           0x0800ba58      F      192  .text
	__cskyvprintfsprintf               0x0800bb18      F       26  .text
	__GI_putchar                       0x0800bb34      F       12  .text
	putchar                            0x0800bb34    w F       12  .text
	__cskyvprintfprintf                0x0800bb44      F       28  .text
	__GI_puts                          0x0800bb60      F       20  .text
	puts                               0x0800bb60    w F       20  .text
	__cskyvprintfsnprintf              0x0800bb78      F       24  .text
	__stdio_outs                       0x0800bb90    w F       48  .text
	__cskyvprintfvprintf               0x0800bbc0      F       26  .text
	__GI_fputs                         0x0800bbe4      F       74  .text
	fputs                              0x0800bbe4    w F       74  .text
	__cskyvprintfvsnprintf             0x0800bc70      F      102  .text
	__memset_fast                      0x0800bcdc    w F      160  .text
	memset                             0x0800bcdc    w F      160  .text
	__strlen_fast                      0x0800bd7c    w F       62  .text
	strlen                             0x0800bd7c    w F       62  .text
	__strcpy_fast                      0x0800bdbc    w F      202  .text
	strcpy                             0x0800bdbc    w F      202  .text
	__GI_strstr                        0x0800be88      F       42  .text
	strstr                             0x0800be88    w F       42  .text
	__memcpy_fast                      0x0800beb4    w F      126  .text
	memcpy                             0x0800beb4    w F      126  .text
	__memcmp_fast                      0x0800bf34    w F      330  .text
	memcmp                             0x0800bf34    w F      330  .text
	__GI_strncmp                       0x0800c080      F       36  .text
	strncmp                            0x0800c080    w F       36  .text
	__GI_os_critical_open              0x0800c0a4      F        4  .text
	os_critical_open                   0x0800c0a4    w F        4  .text
	__GI_os_critical_enter             0x0800c0a8      F        4  .text
	os_critical_enter                  0x0800c0a8    w F        4  .text
	__GI_os_critical_exit              0x0800c0ac      F        4  .text
	os_critical_exit                   0x0800c0ac    w F        4  .text
	__GI_os_critical_close             0x0800c0b0      F        4  .text
	os_critical_close                  0x0800c0b0    w F        4  .text
	__GI_putc                          0x0800c0b4      F        8  .text
	putc                               0x0800c0b4    w F        8  .text
	__cskyvprintfvsprintf              0x0800c0bc      F       16  .text
	__eqdf2                            0x0800c0cc      F       56  .text
	__v2_printf                        0x0800c140      F     1824  .text
	__v2_printf$DFHLlMOPpSSsWp         0x0800c140      F     1824  .text
	__GI___dtostr                      0x0800c860      F     1058  .text
	__dtostr                           0x0800c860      F     1058  .text
	__isnan                            0x0800cc84      F       42  .text
	__GI_strchr                        0x0800ccb0      F       18  .text
	strchr                             0x0800ccb0    w F       18  .text
	__GI_strerror                      0x0800ccc4      F       18  .text
	strerror                           0x0800ccc4      F       18  .text
	__isinf                            0x0800cce0      F       42  .text
	main                               0x0800cd34      F       84  .text
	irq_interrupt_entry                0x0800cd9c      F       80  .text
	coret_irq_handler                  0x0800cdf0      F       48  .text
	gpsec_irq_handler                  0x0800ce24      F       52  .text
	mac_irq_handler                    0x0800ce58      F       48  .text
	sec_irq_handler                    0x0800ce88      F       48  .text
	cpu_init                           0x0800ceb8      F       82  .text
	fputc                              0x0800cf18      F       10  .text
	cxx_system_init                    0x0800cf24    w F       20  .text
	trap_c                             0x0800cf40      F      226  .text
	wm_os_task_create                  0x0800d088      F       52  .text
	wm_os_task_del                     0x0800d0bc      F       10  .text
	wm_os_get_task_name                0x0800d0c8      F       22  .text
	wm_os_mutex_create                 0x0800d0e4      F       22  .text
	wm_os_mutex_delete                 0x0800d0fc      F       10  .text
	wm_os_mutex_acquire                0x0800d108      F       78  .text
	wm_os_sem_create                   0x0800d158      F       22  .text
	wm_os_sem_acquire                  0x0800d170      F       78  .text
	wm_os_sem_release                  0x0800d1c0      F       78  .text
	wm_os_mutex_release                0x0800d210      F        8  .text
	wm_os_get_time_ms                  0x0800d218      F       10  .text
	wm_os_set_critical                 0x0800d224      F        8  .text
	wm_os_release_critical             0x0800d22c      F        8  .text
	wm_os_init                         0x0800d234      F       12  .text
	wm_os_start_scheduler              0x0800d244      F        8  .text
	csi_kernel_intrpt_enter            0x0800d24c      F        4  .text
	csi_kernel_intrpt_exit             0x0800d250      F       14  .text
	wm_vsnprintf                       0x0800e6b4      F       22  .text
	wm_printf                          0x0800e6d0      F       46  .text
	tls_sys_reset                      0x0800e7f0      F       34  .text
	tls_pmu_clk_select                 0x0800e81c      F       30  .text
	tls_sys_clk_set                    0x0800e83c      F      108  .text
	wm_start                           0x0800e8b4      F      210  .text
	tls_irq_enable                     0x0800ea40      F       26  .text
	CRYPTION_IRQHandler                0x0800ea60      F       22  .text
	tls_crypto_md5_init                0x0800ea7c      F       66  .text
	tls_crypto_md5_update              0x0800ead4      F       92  .text
	tls_crypto_md5_final               0x0800eb30      F      210  .text
	wm_stub_drv_md5                    0x0800ec08      F       40  .text
	set_printf_port                    0x0800ec30      F       22  .text
	sendchar                           0x0800ec4c      F       94  .text
	soc_init                           0x0800ecb4      F       30  .text
	elog_start                         0x0800ecd8      F       18  .text
	elog_output_lock                   0x0800ecf0      F       30  .text
	elog_output_unlock                 0x0800ed14      F       30  .text
	elog_output                        0x0800ed38      F      700  .text
	elog_set_fmt                       0x0800f03c      F       80  .text
	elog_set_filter_lvl                0x0800f0a8      F       74  .text
	elog_get_filter_tag_lvl            0x0800f110      F      136  .text
	elog_output_lock_enabled           0x0800f22c      F       44  .text
	elog_init                          0x0800f25c      F       90  .text
	elog_strcpy                        0x0800f2bc      F      152  .text
	elog_port_init                     0x0800f370      F       24  .text
	elog_port_output                   0x0800f390      F       12  .text
	elog_port_output_lock              0x0800f3a0      F       16  .text
	elog_port_output_unlock            0x0800f3b4      F       12  .text
	elog_port_get_time                 0x0800f3c4      F       32  .text
	elog_port_get_p_info               0x0800f3ec      F        4  .text
	elog_port_get_t_info               0x0800f3f4      F        8  .text
	wm_log_init                        0x0800f3fc      F       78  .text
	wm_heap_get_free_heap_size         0x0800f490      F        6  .text
	wm_heap_caps_alloc_tracing         0x0800f49c      F      386  .text
	wm_heap_caps_free                  0x0800f638      F      180  .text
	wm_heap_init                       0x0800f6fc      F      204  .text
	wm_hal_fls_read                    0x0800f8ac      F      396  .text
	wm_hal_fls_info                    0x0800fa50      F       62  .text
	wm_hal_fls_init                    0x0800faa4      F      350  .text
	wm_hal_irq_init                    0x0800fc30      F       32  .text
	wm_hal_irq_attach_hw_vector        0x0800fc58      F       52  .text
	wm_hal_irq_clear_pending           0x0800fca0      F       26  .text
	wm_hal_irq_set_wakeup              0x0800fcc0      F       24  .text
	wm_set_reboot_reason               0x0800fcdc      F        6  .text
	wm_get_reboot_reason               0x0800fce8      F       14  .text
	wm_output_ramdump                  0x0800fcfc      F      132  .text
	wm_partition_table_init            0x0800fd8c      F      346  .text
	vListInitialise                    0x0800ff14      F       20  .text
	vListInitialiseItem                0x0800ff28      F        6  .text
	vListInsertEnd                     0x0800ff30      F       24  .text
	vListInsert                        0x0800ff48      F       50  .text
	uxListRemove                       0x0800ff7c      F       34  .text
	xQueueGenericReset                 0x080100c4      F      128  .text
	xQueueGenericCreateStatic          0x0801014c      F      170  .text
	xQueueGenericCreate                0x08010200      F      120  .text
	xQueueCreateCountingSemaphore      0x08010280      F       64  .text
	xQueueGenericSend                  0x080102c8      F      356  .text
	xQueueCreateMutex                  0x0801044c      F       22  .text
	xQueueGenericSendFromISR           0x08010464      F      200  .text
	xQueueGiveFromISR                  0x08010534      F      184  .text
	xQueueReceive                      0x080105f4      F      322  .text
	xQueueSemaphoreTake                0x08010740      F      398  .text
	xQueueReceiveFromISR               0x080108d8      F      170  .text
	vQueueDelete                       0x0801098c      F       38  .text
	vQueueWaitForMessageRestricted     0x080109bc      F       74  .text
	xTaskCreateStatic                  0x08010ce8      F      136  .text
	xTaskCreate                        0x08010d78      F      110  .text
	vTaskDelete                        0x08010dec      F      142  .text
	vTaskStartScheduler                0x08010ea0      F      106  .text
	vTaskSuspendAll                    0x08010f28      F       10  .text
	xTaskGetTickCount                  0x08010f38      F        6  .text
	xTaskGetTickCountFromISR           0x08010f44      F        6  .text
	pcTaskGetName                      0x08010f50      F       36  .text
	xTaskIncrementTick                 0x08010f80      F      254  .text
	xTaskResumeAll                     0x080110b4      F      208  .text
	vTaskDelay                         0x080111ac      F       70  .text
	vTaskSwitchContext                 0x08011200      F      148  .text
	vTaskPlaceOnEventList              0x080112b0      F       46  .text
	vTaskPlaceOnEventListRestricted    0x080112ec      F       56  .text
	xTaskRemoveFromEventList           0x08011330      F      110  .text
	vTaskInternalSetTimeOutState       0x080113c0      F       14  .text
	xTaskCheckForTimeOut               0x080113d8      F      126  .text
	vTaskMissedYield                   0x08011468      F        8  .text
	xTaskGetSchedulerState             0x08011474      F       24  .text
	xTaskPriorityInherit               0x08011494      F      120  .text
	xTaskPriorityDisinherit            0x08011518      F      124  .text
	vTaskPriorityDisinheritAfterTimeout0x080115a8      F      142  .text
	pvTaskIncrementMutexHeldCount      0x0801164c      F       20  .text
	xTimerCreateTimerTask              0x08011718      F       88  .text
	xTimerCreate                       0x08011788      F       88  .text
	xTimerGenericCommand               0x080117e4      F       96  .text
	xPortSysTickHandler                0x08011af8      F       28  .text
	pxPortInitialiseStack              0x08011b14      F      362  .text
	xPortStartScheduler                0x08011cf8      F       16  .text
	cpu_intrpt_save                    0x08011d0c      F       14  .text
	vPortEnterCritical                 0x08011d20      F        8  .text
	vPortExitCritical                  0x08011d28      F       34  .text
	vApplicationGetIdleTaskMemory      0x08011d50      F       16  .text
	vApplicationGetTimerTaskMemory     0x08011d68      F       16  .text
	vApplicationStackOverflowHook      0x08011d80      F       14  .text
	vApplicationIdleHook               0x08011d94      F        6  .text
	vPortCleanUpTCB                    0x08011d9c      F        2  .text
	pvPortMallocTracing                0x08011da0      F       14  .text
	vPortFree                          0x08011db0      F        8  .text
	wm_drv_fls_read                    0x08011db8      F       76  .text
	wm_drv_fls_info                    0x08011e18      F       62  .text
	wm_drv_fls_init                    0x08011e58      F       66  .text
	uart0_irq_handler                  0x08011eb0      F       40  .text
	uart1_irq_handler                  0x08011ee0      F       44  .text
	wm_drv_uart_getc                   0x08011f10      F       44  .text
	wm_drv_uart_putc                   0x08011f40      F       34  .text
	wm_drv_uart_write                  0x08011f68      F       28  .text
	__etext                            0x08011f90               0  .text
	__srodata                          0x08011f90               0  .rodata
	__thenan_df                        0x08011f90      O       20  .rodata
	__clz_tab                          0x08011fa4      O      256  .rodata
	HZ                                 0x08012b9c      O        4  .rodata
	__ctor_end__                       0x08013464               0  .rodata
	__ctor_start__                     0x08013464               0  .rodata
	__dtor_end__                       0x08013464               0  .rodata
	__erodata                          0x08013464               0  .rodata
	__vdata_start__                    0x20000000               0  .vdata
	irq_vectors                        0x20000000      O      256  .vdata
	__vdata_end__                      0x20000100               0  .vdata
	irq_vectors_end                    0x20000100               0  .vdata
	__data_start__                     0x20000100               0  .data
	__sdata                            0x20000100               0  .data
	data_start                         0x20000100               0  .data
	stderr                             0x20000100      O        4  .data
	stdout                             0x20000120      O        4  .data
	stdin                              0x20000140      O        4  .data
	wm_soc_memory                      0x20000160      O      128  .data
	wm_soc_memory_count                0x200001e0      O        4  .data
	__data_end__                       0x2000023c               0  .data
	__edata                            0x2000023c               0  .data
	__start_cmd                        0x2000023c               0  .data
	__start_init_call                  0x2000023c               0  .data
	__stop_cmd                         0x2000023c               0  .data
	__stop_init_call                   0x2000023c               0  .data
	__bss_start__                      0x2000023c               0  .bss
	__sbss                             0x2000023c               0  .bss
	g_intstackalloc                    0x2000023c               0  .bss
	g_intstackbase                     0x2000023c               0  .bss
	g_top_irqstack                     0x2000123c               0  .bss
	g_trapstackalloc                   0x2000123c               0  .bss
	g_trapstackbase                    0x2000123c               0  .bss
	g_top_trapstack                    0x2000143c               0  .bss
	g_trap_sp                          0x2000143c      O        4  .bss
	g_sw_irq_vector                    0x20001440      O      256  .bss
	g_crypto_ctx                       0x20001540      O        8  .bss
	pxCurrentTCB                       0x20001a94      O        4  .bss
	elog_assert_hook                   0x200031d8      O        4  .bss
	errno                              0x200031dc      O        4  .bss
	__malloc_lock                      0x200031e0      O        4  .bss
	__bss_end__                        0x200031e4               0  .bss
	__ebss                             0x200031e4               0  .bss
	__end                              0x200031e4               0  .bss
	end                                0x200031e4               0  .bss
	_eshram                            0x20028000               0  ._shared_ram_
	_sshram                            0x20028000               0  ._shared_ram_

	(w:Weak    d:Deubg    F:Function    f:File name    O:Zero)


======================================================================

Memory Map of the image

    Image Entry point : 0x0800a500

    Region VRAM (Base: 0x20000000, Size: 0x00000000, Max: 0x00000100)

    Region SRAM (Base: 0x20000100, Size: 0x000030e4, Max: 0x00027f00)

    Base Addr    Size         Type   Attr      Idx   Section Name       Object
    0x20000100   0x00000060   Data   RW       1569  .data          	stdinit.o
    0x20000160   0x00000080   Data   RW        360  .data.wm_soc_memory	memory_layout.c.obj
    0x200001e0   0x00000004   Data   RW        361  .data.wm_soc_memory_count	memory_layout.c.obj
    0x200001e4   0x00000004   Data   RW       1208  .data.uxCriticalNesting	port.c.obj
    0x200001e8   0x00000054   Data   RW       1311  .data.uart_contexts	wm_drv_uart.c.obj
    0x2000023c   0x00001000   Zero   RW        134  .bss           	startup.S.obj
    0x2000123c   0x00000204   Zero   RW        145  .bss           	vectors.S.obj
    0x20001440   0x00000100   Zero   RW         60  .bss.g_sw_irq_vector	isr.c.obj
    0x20001540   0x00000008   Zero   RW        341  .bss.g_crypto_ctx	wm_stub_drv.c.obj
    0x20001548   0x00000001   Zero   RW        378  .bss.printf_port	printf_port.c.obj
    0x20001549   0x00000003   PAD
    0x2000154c   0x000000f8   Zero   RW        511  .bss.elog      	elog.c.obj
    0x20001644   0x00000400   Zero   RW        512  .bss.log_buf   	elog.c.obj
    0x20001a44   0x00000004   Zero   RW        602  .bss.elog_lock 	elog_port.c.obj
    0x20001a48   0x00000010   Zero   RW        603  .bss.elog_timestr.5626	elog_port.c.obj
    0x20001a58   0x00000018   Zero   RW        657  .bss.heap_used_block_list	wm_heap.c.obj
    0x20001a70   0x00000014   Zero   RW        658  .bss.wm_heaps  	wm_heap.c.obj
    0x20001a84   0x00000004   Zero   RW        692  .bss.wm_hal_fls_dev	wm_hal_fls.c.obj
    0x20001a88   0x00000004   Zero   RW        849  .bss.g_partition_table_addr	wm_partition_table.c.obj
    0x20001a8c   0x00000004   Zero   RW        850  .bss.g_partition_table_count	wm_partition_table.c.obj
    0x20001a90   0x00000001   Zero   RW        851  .bss.g_partition_table_verified	wm_partition_table.c.obj
    0x20001a91   0x00000003   PAD
    0x20001a94   0x00000004   Zero   RW       1096  .bss.pxCurrentTCB	tasks.c.obj
    0x20001a98   0x00000004   Zero   RW       1097  .bss.pxDelayedTaskList	tasks.c.obj
    0x20001a9c   0x00000004   Zero   RW       1098  .bss.pxOverflowDelayedTaskList	tasks.c.obj
    0x20001aa0   0x00000140   Zero   RW       1099  .bss.pxReadyTasksLists	tasks.c.obj
    0x20001be0   0x00000004   Zero   RW       1100  .bss.uxCurrentNumberOfTasks	tasks.c.obj
    0x20001be4   0x00000004   Zero   RW       1101  .bss.uxDeletedTasksWaitingCleanUp	tasks.c.obj
    0x20001be8   0x00000004   Zero   RW       1102  .bss.uxSchedulerSuspended	tasks.c.obj
    0x20001bec   0x00000004   Zero   RW       1103  .bss.uxTaskNumber	tasks.c.obj
    0x20001bf0   0x00000004   Zero   RW       1104  .bss.uxTopReadyPriority	tasks.c.obj
    0x20001bf4   0x00000014   Zero   RW       1105  .bss.xDelayedTaskList1	tasks.c.obj
    0x20001c08   0x00000014   Zero   RW       1106  .bss.xDelayedTaskList2	tasks.c.obj
    0x20001c1c   0x00000004   Zero   RW       1107  .bss.xNextTaskUnblockTime	tasks.c.obj
    0x20001c20   0x00000004   Zero   RW       1108  .bss.xNumOfOverflows	tasks.c.obj
    0x20001c24   0x00000004   Zero   RW       1109  .bss.xPendedTicks	tasks.c.obj
    0x20001c28   0x00000014   Zero   RW       1110  .bss.xPendingReadyList	tasks.c.obj
    0x20001c3c   0x00000004   Zero   RW       1111  .bss.xSchedulerRunning	tasks.c.obj
    0x20001c40   0x00000014   Zero   RW       1112  .bss.xSuspendedTaskList	tasks.c.obj
    0x20001c54   0x00000014   Zero   RW       1113  .bss.xTasksWaitingTermination	tasks.c.obj
    0x20001c68   0x00000004   Zero   RW       1114  .bss.xTickCount	tasks.c.obj
    0x20001c6c   0x00000004   Zero   RW       1115  .bss.xYieldPending	tasks.c.obj
    0x20001c70   0x00000004   Zero   RW       1159  .bss.pxCurrentTimerList	timers.c.obj
    0x20001c74   0x00000004   Zero   RW       1160  .bss.pxOverflowTimerList	timers.c.obj
    0x20001c78   0x00000800   Zero   RW       1161  .bss.ucStaticTimerQueueStorage.5571	timers.c.obj
    0x20002478   0x00000014   Zero   RW       1162  .bss.xActiveTimerList1	timers.c.obj
    0x2000248c   0x00000014   Zero   RW       1163  .bss.xActiveTimerList2	timers.c.obj
    0x200024a0   0x00000004   Zero   RW       1164  .bss.xLastTime.5520	timers.c.obj
    0x200024a4   0x00000050   Zero   RW       1165  .bss.xStaticTimerQueue.5570	timers.c.obj
    0x200024f4   0x00000004   Zero   RW       1166  .bss.xTimerQueue	timers.c.obj
    0x200024f8   0x00000004   Zero   RW       1167  .bss.xTimerTaskHandle	timers.c.obj
    0x200024fc   0x00000400   Zero   RW       1203  .bss.uxIdleTaskStack.5439	port.c.obj
    0x200028fc   0x00000800   Zero   RW       1204  .bss.uxTimerTaskStack.5446	port.c.obj
    0x200030fc   0x0000006c   Zero   RW       1205  .bss.xIdleTaskTCB.5438	port.c.obj
    0x20003168   0x0000006c   Zero   RW       1206  .bss.xTimerTaskTCB.5445	port.c.obj
    0x200031d4   0x00000004   Zero   RW       1246  .bss.g_drv_fls_lock	wm_drv_fls.c.obj
    0x200031d8   0x00000004   Zero   RW        543  COMMON         	elog.c.obj
    0x200031dc   0x00000008   Zero   RW       1688  COMMON         	minilibc_init.o

    Region DRAM (Base: 0x20028000, Size: 0x00000000, Max: 0x0001fffc)

    Region *default* (Base: 0x00000000, Size: 0x00000000, Max: 0xffffffff)


======================================================================

Image component sizes

       Code    RO Data    RW Data    ZI Data      Debug   Object Name

          0          0          0          0          0   linker stubs
          0          0          0          0          0   CMakeFiles/test.elf.dir/project/project_elf_src.c.obj
	------------------------------------------------------------
          0          0          0          0          0   Object Totals
        102          6          0          6          0   Pad
          0          0          0          0          0   LD_GEN

	------------------------------------------------------------
    [Library Name]: components/main/libmain.a
	------------------------------------------------------------
       Code    RO Data    RW Data    ZI Data      Debug   Library Member Name

        144         59          0          0      52347   main.c.obj
	------------------------------------------------------------
        144         59          0          0      52347   Library Totals
          0          0          0          0          0   Pad
          0          0          0          0          0   LD_GEN

	------------------------------------------------------------
    [Library Name]: components/xt804/libxt804.a
	------------------------------------------------------------
       Code    RO Data    RW Data    ZI Data      Debug   Library Member Name

        284          0          0        256      20999   isr.c.obj
         96          0          0          0      55326   cpu_init.c.obj
         38          0          0          0      17652   libc_port.c.obj
        304        474          0          0      18747   trap_c.c.obj
        144          0          0       4096        356   startup.S.obj
         80          0          0        516        328   vectors.S.obj
	------------------------------------------------------------
        946        474          0       4868     113408   Library Totals
          0          0          0          0          0   Pad
          0          0          0          0          0   LD_GEN

	------------------------------------------------------------
    [Library Name]: components/wm_system/libwm_system.a
	------------------------------------------------------------
       Code    RO Data    RW Data    ZI Data      Debug   Library Member Name

        478          7          0          0      84688   wm_osal.c.obj
       5276         98          0          0      40014   wm_printf.c.obj
        662        133          0          0      89903   wm_system.c.obj
	------------------------------------------------------------
       6416        238          0          0     214605   Library Totals
          0          0          0          0          0   Pad
          0          0          0          0          0   LD_GEN

	------------------------------------------------------------
    [Library Name]: components/wm_stub/libwm_stub.a
	------------------------------------------------------------
       Code    RO Data    RW Data    ZI Data      Debug   Library Member Name

        660          0          0          8      76130   wm_stub_drv.c.obj
	------------------------------------------------------------
        660          0          0          8      76130   Library Totals
          0          0          0          0          0   Pad
          0          0          0          0          0   LD_GEN

	------------------------------------------------------------
    [Library Name]: components/wm_soc/libwm_soc.a
	------------------------------------------------------------
       Code    RO Data    RW Data    ZI Data      Debug   Library Member Name

          0         10        132          0      19027   memory_layout.c.obj
        132          0          0          1      41221   printf_port.c.obj
         36          0          0          0      43098   soc_init.c.obj
          0          0          0          0          0   wm_ll_pwm.c.obj
	------------------------------------------------------------
        168         10        132          1     103346   Library Totals
          0          0          0          0          0   Pad
          0          0          0          0          0   LD_GEN

	------------------------------------------------------------
    [Library Name]: components/wm_log/libwm_log.a
	------------------------------------------------------------
       Code    RO Data    RW Data    ZI Data      Debug   Library Member Name

       1508        300          0       1276      30491   elog.c.obj
          0          0          0          0          0   elog_async.c.obj
          0          0          0          0          0   elog_buf.c.obj
        180        100          0          0      22281   elog_utils.c.obj
        140        119          0         20      62290   elog_port.c.obj
         78          0          0          0      22359   wm_log.c.obj
	------------------------------------------------------------
       1906        519          0       1296     137421   Library Totals
          0          0          0          0          0   Pad
          0          0          0          0          0   LD_GEN

	------------------------------------------------------------
    [Library Name]: components/wm_heap/libwm_heap.a
	------------------------------------------------------------
       Code    RO Data    RW Data    ZI Data      Debug   Library Member Name

        912         87          0         44      40533   wm_heap.c.obj
	------------------------------------------------------------
        912         87          0         44      40533   Library Totals
          0          0          0          0          0   Pad
          0          0          0          0          0   LD_GEN

	------------------------------------------------------------
    [Library Name]: components/wm_hal/libwm_hal.a
	------------------------------------------------------------
       Code    RO Data    RW Data    ZI Data      Debug   Library Member Name

       1092        277          0          4      74430   wm_hal_fls.c.obj
        188         92          0          0      31574   wm_hal_irq.c.obj
	------------------------------------------------------------
       1280        369          0          4     106004   Library Totals
          0          0          0          0          0   Pad
          0          0          0          0          0   LD_GEN

	------------------------------------------------------------
    [Library Name]: components/wm_debug/libwm_debug.a
	------------------------------------------------------------
       Code    RO Data    RW Data    ZI Data      Debug   Library Member Name

        176         15          0          0      21525   wm_debug.c.obj
	------------------------------------------------------------
        176         15          0          0      21525   Library Totals
          0          0          0          0          0   Pad
          0          0          0          0          0   LD_GEN

	------------------------------------------------------------
    [Library Name]: components/wm_common/libwm_common.a
	------------------------------------------------------------
       Code    RO Data    RW Data    ZI Data      Debug   Library Member Name

          0          0          0          0          0   getopt_long_only.c.obj
          0          0          0          0          0   wm_utils.c.obj
	------------------------------------------------------------
          0          0          0          0          0   Library Totals
          0          0          0          0          0   Pad
          0          0          0          0          0   LD_GEN

	------------------------------------------------------------
    [Library Name]: components/partition_table/libpartition_table.a
	------------------------------------------------------------
       Code    RO Data    RW Data    ZI Data      Debug   Library Member Name

        392        242          0          9      44188   wm_partition_table.c.obj
	------------------------------------------------------------
        392        242          0          9      44188   Library Totals
          0          0          0          0          0   Pad
          0          0          0          0          0   LD_GEN

	------------------------------------------------------------
    [Library Name]: components/freertos/libfreertos.a
	------------------------------------------------------------
       Code    RO Data    RW Data    ZI Data      Debug   Library Member Name

          0          0          0          0          0   croutine.c.obj
          0          0          0          0          0   event_groups.c.obj
        134          0          0          0      46066   list.c.obj
       2656         83          0          0      72314   queue.c.obj
          0          0          0          0          0   stream_buffer.c.obj
       3164         71          0        476      84090   tasks.c.obj
       1172        115          0       2188      65277   timers.c.obj
        698         31          4       3288      59616   port.c.obj
        160          0          0          0        390   cpu_task_sw.S.obj
	------------------------------------------------------------
       7984        300          4       5952     327753   Library Totals
          0          0          0          0          0   Pad
          0          0          0          0          0   LD_GEN

	------------------------------------------------------------
    [Library Name]: components/driver/libdriver.a
	------------------------------------------------------------
       Code    RO Data    RW Data    ZI Data      Debug   Library Member Name

        246        135          0          4      69757   wm_drv_fls.c.obj
          0          0          0          0          0   wm_drv_irq.c.obj
        212          0         84          0      67897   wm_drv_uart.c.obj
	------------------------------------------------------------
        458        135         84          4     137654   Library Totals
          0          0          0          0          0   Pad
          0          0          0          0          0   LD_GEN

	------------------------------------------------------------
    [Library Name]: d:/winnermicro/wmclics/toolchain/csky-elfabiv2-tools/bin/../lib/gcc/csky-elfabiv2/6.3.0/ck803/hard-fp\libgcc.a
	------------------------------------------------------------
       Code    RO Data    RW Data    ZI Data      Debug   Library Member Name

         56          0          0          0          0   _fixunsdfsi.o
        820          0          0          0          0   _udivdi3.o
        804          0          0          0          0   _umoddi3.o
         42          0          0          0          0   _sf_to_df.o
        816          0          0          0          0   _addsub_df.o
        512          0          0          0          0   _mul_df.o
        280          0          0          0          0   _div_df.o
         56          0          0          0          0   _ne_df.o
         64          0          0          0          0   _gt_df.o
         64          0          0          0          0   _ge_df.o
         56          0          0          0          0   _lt_df.o
         56          0          0          0          0   _le_df.o
        104          0          0          0          0   _si_to_df.o
        112          0          0          0          0   _df_to_si.o
         46          0          0          0          0   _make_df.o
         52          0          0          0          0   _df_to_sf.o
          0         20          0          0          0   _thenan_df.o
         86          0          0          0          0   _usi_to_df.o
         74          0          0          0          0   _muldi3.o
          0        256          0          0          0   _clz.o
        124          0          0          0          0   _unpack_sf.o
         22          0          0          0          0   _make_sf.o
        398          0          0          0          0   _pack_df.o
        228          0          0          0          0   _unpack_df.o
        194          0          0          0          0   _fpcmp_parts_df.o
        192          0          0          0          0   _pack_sf.o
	------------------------------------------------------------
       5258        276          0          0          0   Library Totals
          0          0          0          0          0   Pad
          0          0          0          0          0   LD_GEN

	------------------------------------------------------------
    [Library Name]: d:/winnermicro/wmclics/toolchain/csky-elfabiv2-tools/bin/../lib/gcc/csky-elfabiv2/6.3.0/../../../../csky-elfabiv2/lib/ck803/hard-fp\libc.a
	------------------------------------------------------------
       Code    RO Data    RW Data    ZI Data      Debug   Library Member Name

          0          0          0          0          0   tolower.o
          0          0          0          0          0   isspace.o
         26          0          0          0          0   sprintf_required.o
         16          0          0          0          0   putchar.o
         28          0          0          0          0   printf_required.o
         24          0          0          0          0   puts.o
         24          0          0          0          0   snprintf_required.o
         84          0          0          0          0   vprintf_required.o
          0          0         96          0          0   stdinit.o
          0          0          0          0          0   fprintf_required.o
         74          0          0          0          0   fputs.o
          0          0          0          0          0   vfprintf_required.o
        172          0          0          0          0   vsnprintf_required.o
          0          0          0          0          0   strtod.o
          0          0          0          0          0   strtof.o
          0          0          0          0          0   strcmp_fast.o
        160          0          0          0          0   memset_fast.o
         62          0          0          0          0   strlen_fast.o
          0          0          0          0          0   memmove_fast.o
        202          0          0          0          0   strcpy_fast.o
         42          0          0          0          0   strstr.o
        126          0          0          0          0   memcpy_fast.o
          0          0          0          0          0   strncpy.o
        330          0          0          0          0   memcmp_fast.o
         36          0          0          0          0   strncmp.o
          0          0          0          0          0   memchr.o
          0          0          0          0          0   isdigit.o
          0          0          0          8          0   minilibc_init.o
         16          0          0          0          0   critical.o
          0          0          0          0          0   fwrite.o
          8          0          0          0          0   putc.o
         16          0          0          0          0   vsprintf_required.o
          0          0          0          0          0   abs.o
       1884         66          0          0          0   __v2_printfDFHLlMOPpSSsWp.o
       1058          0          0          0          0   __dtostr.o
         42          0          0          0          0   __isnan.o
         18          0          0          0          0   strchr.o
         28       2624          0          0          0   strerror.o
         42          0          0          0          0   __isinf.o
	------------------------------------------------------------
       4518       2690         96          8          0   Library Totals
          0          0          0          0          0   Pad
          0          0          0          0          0   LD_GEN

	------------------------------------------------------------
    [Library Name]: d:/winnermicro/wmclics/toolchain/csky-elfabiv2-tools/bin/../lib/gcc/csky-elfabiv2/6.3.0/ck803/hard-fp\libgcc.a
	------------------------------------------------------------
       Code    RO Data    RW Data    ZI Data      Debug   Library Member Name

         56          0          0          0          0   _eq_df.o
	------------------------------------------------------------
         56          0          0          0          0   Library Totals
          0          0          0          0          0   Pad
          0          0          0          0          0   LD_GEN

	------------------------------------------------------------

======================================================================


       Code    RO Data    RW Data    ZI Data      Debug
      31376       5420        316      12200    1374914   Grand Totals
      31376       5420        316      12200    1374914   Elf Image Totals
      31376       5420        316          0          0   ROM Totals

======================================================================

Total	RO	Size (Code + RO Data)				36796 (  35.93kB)
Total	RW	Size (RW Data + ZI Data)			12516 (  12.22kB)
Total	ROM	Size (Code + RO Data + RW Data)		37112 (  36.24kB)

======================================================================
